// Jest Snapshot v1, https://goo.gl/fbAQLP

exports[`Testing Reducers Cards Reducer should return the initial state 1`] = `[Function]`;

exports[`Testing Reducers Game Reducer should return the initial state 1`] = `[Function]`;

exports[`Testing Reducers Players Reducer should return the initial state 1`] = `[Function]`;
